задание: 2.2.2
проект: 221-command-time
устройство: 2e8a:000a
серийный номер: 500315193898930C
порт: COM5
начало: 2026-10-03T20:37:02
   0.000 --> uptime
   0.001 <-- uptime
   0.002 <-- dbg read_line:122 got uptime
   0.002 <-- uptime: 16023 ms
   0.419 --> boot_info
   0.420 <-- boot_info
   0.421 <-- dbg read_line:122 got boot_info
   0.421 <-- vector table   0x10000100
   0.422 <-- stack top    0x20042000
   0.422 <-- reset        0x100001f7
   0.423 <-- reset (even) 0x100001f6
   0.423 <-- gpio in        0xd0000004
   0.423 <-- led bit      0
   0.423 <-- gpio_get     0
   0.843 --> uptime
   0.843 <-- uptime
   0.844 <-- dbg read_line:122 got uptime
   0.844 <-- uptime: 16866 ms
   1.273 --> boot_info
   1.273 <-- boot_info
   1.273 <-- dbg read_line:122 got boot_info
   1.274 <-- vector table   0x10000100
   1.274 <-- stack top    0x20042000
   1.274 <-- reset        0x100001f7
   1.274 <-- reset (even) 0x100001f6
   1.274 <-- gpio in        0xd0000004
   1.275 <-- led bit      0
   1.275 <-- gpio_get     0
   1.691 --> uptime
   1.691 <-- uptime
   1.692 <-- dbg read_line:122 got uptime
   1.692 <-- uptime: 17713 ms
   2.103 --> boot_info
   2.103 <-- boot_info
   2.103 <-- dbg read_line:122 got boot_info
   2.103 <-- vector table   0x10000100
   2.104 <-- stack top    0x20042000
   2.104 <-- reset        0x100001f7
   2.104 <-- reset (even) 0x100001f6
   2.104 <-- gpio in        0xd0000004
   2.104 <-- led bit      0
   2.104 <-- gpio_get     0
   2.526 --> uptime
   2.527 <-- uptime
   2.527 <-- dbg read_line:122 got uptime
   2.527 <-- uptime: 18549 ms
   2.942 --> boot_info
   2.942 <-- boot_info
   2.943 <-- dbg read_line:122 got boot_info
   2.943 <-- vector table   0x10000100
   2.944 <-- stack top    0x20042000
   2.944 <-- reset        0x100001f7
   2.945 <-- reset (even) 0x100001f6
   2.945 <-- gpio in        0xd0000004
   2.945 <-- led bit      1
   2.945 <-- gpio_get     1
итог: отправлено команд 8, принято строк 48
