задание: 2.2.1
проект: 221-command-time
устройство: 2e8a:000a
серийный номер: 500315193898930C
порт: COM5
начало: 2026-10-03T20:32:38
   0.000 --> clk_info
   0.178 <-- clk_info
   0.178 <-- dbg read_line:129 got clk_info
   0.179 <-- signal     set_khz measured_khz
   0.180 <-- clk_ref      12000        12001
   0.181 <-- clk_sys     125000       125000
   0.182 <-- clk_peri    125000       125001
   0.184 <-- clk_usb      48000        48000
   0.184 <-- clk_adc      48000        48000
   0.185 <-- rosc             -         5449
   2.022 --> info
   2.105 <-- info
   2.106 <-- dbg read_line:129 got info
   2.106 <-- project: 221_command_time
   2.106 <-- repo: https://github.com/Kefirphy/es-student
   2.107 <-- board: pico
   2.107 <-- serial: 500315193898930C
   2.107 <-- chip: manufacturer 0x927, part 0x0002, revision 2
   2.107 <-- pico-sdk: 2.3.0
итог: отправлено команд 2, принято строк 17
