задание: 2.1.6
проект: 211-command-usb
устройство: 2e8a:000a
серийный номер: 500315193898930C
порт: COM5
начало: 2026-10-03T20:04:33
   0.000 --> boot_info
   0.184 <-- boot_info
   0.184 <-- dbg read_line:122 got boot_info
   0.185 <-- vector table   0x10000100
   0.185 <-- stack top    0x20042000
   0.185 <-- reset        0x100001f7
   0.185 <-- reset (even) 0x100001f6
   0.186 <-- gpio in        0xd0000004
   0.186 <-- led bit      0
   0.186 <-- gpio_get     0
   2.225 --> enable
   2.345 <-- enable
   2.345 <-- dbg read_line:122 got enable
   2.346 <-- inf cmd_enable:23 led on
   4.378 --> boot_info
   4.566 <-- boot_info
   4.566 <-- dbg read_line:122 got boot_info
   4.566 <-- vector table   0x10000100
   4.566 <-- stack top    0x20042000
   4.567 <-- reset        0x100001f7
   4.567 <-- reset (even) 0x100001f6
   4.567 <-- gpio in        0xd0000004
   4.567 <-- led bit      1
   4.567 <-- gpio_get     1
   6.600 --> disable
   6.747 <-- disable
   6.747 <-- dbg read_line:122 got disable
   6.747 <-- inf cmd_disable:29 led off
   8.764 --> boot_info
   8.947 <-- boot_info
   8.948 <-- dbg read_line:122 got boot_info
   8.948 <-- vector table   0x10000100
   8.948 <-- stack top    0x20042000
   8.948 <-- reset        0x100001f7
   8.948 <-- reset (even) 0x100001f6
   8.949 <-- gpio in        0xd0000004
   8.949 <-- led bit      0
   8.949 <-- gpio_get     0
итог: отправлено команд 5, принято строк 33
