задание: 2.1.3
проект: 211-command-usb
устройство: 2e8a:000a
серийный номер: 500315193898930C
порт: COM5
начало: 2026-10-03T16:39:02
   0.000 --> mem_info
   0.172 <-- mem_info
   0.172 <-- dbg read_line:111 got mem_info
   0.173 <-- area       start      end        size
   0.173 <-- flash      0x10000000 0x10200000  2097152
   0.174 <-- sram       0x20000000 0x20042000   270336
   0.175 <-- rom        0x00000000 0x00004000    16384
   0.175 <-- image      0x10000000 0x1000846c    33900
   0.175 <-- free       0x1000846c 0x10200000  2063252
   0.176 <-- boot2      0x10000000 0x10000100      256
   0.176 <-- text       0x10000100 0x100074fc    29692
   0.176 <-- data flash 0x100074fc 0x1000846c     3952
   0.176 <-- data ram   0x200000c0 0x20001030     3952
   0.177 <-- bss        0x20001030 0x20001c6c     3132
   0.178 <-- heap       0x20001c6c 0x20040000   254868
   0.178 <-- stack      0x20041800 0x20042000     2048
   0.178 <-- total
   0.179 <-- flash image    33900 = boot2 256 + text 29692 + data 3952
   0.179 <-- flash free   2063252 of 2097152
   0.179 <-- ram used        7084 = data 3952 + bss 3132
   0.180 <-- ram free      254868 for heap and 2048 for stack
итог: отправлено команд 1, принято строк 20
