задание: 2.1.4
проект: 211-command-usb
устройство: 2e8a:000a
серийный номер: 500315193898930C
порт: COM5
начало: 2026-10-03T19:30:21
   0.000 --> fw_info
   0.154 <-- fw_info
   0.155 <-- dbg read_line:110 got fw_info
   0.156 <-- object          address     value
   0.156 <-- main            0x10000329  0xb5f0
   0.157 <-- fw_info         0x1000069d  0x4b3d
   0.158 <-- commands        0x10007bbc
   0.158 <-- - enable        0x10000281
   0.158 <-- - disable       0x100002bd
   0.159 <-- - info          0x100002f9
   0.159 <-- - version       0x10000301
   0.160 <-- - ping          0x10000309
   0.160 <-- - mem_info      0x10000319
   0.160 <-- - fw_info       0x10000321
   0.161 <-- DEVICE_PROJECT  0x100076f8  211-command-usb
   0.161 <-- DEVICE_BOARD    0x1000774c  pico
   0.161 <-- data_variable   0x20000f40  101
   0.161 <-- bss_variable    0x20001f0c  1
   0.162 <-- stack_variable  0x20041f7c  1946
   0.162 <-- heap_variable   0x20002408  1951
   2.182 --> fw_info
   2.336 <-- fw_info
   2.337 <-- dbg read_line:110 got fw_info
   2.337 <-- object          address     value
   2.337 <-- main            0x10000329  0xb5f0
   2.338 <-- fw_info         0x1000069d  0x4b3d
   2.338 <-- commands        0x10007bbc
   2.338 <-- - enable        0x10000281
   2.338 <-- - disable       0x100002bd
   2.338 <-- - info          0x100002f9
   2.339 <-- - version       0x10000301
   2.339 <-- - ping          0x10000309
   2.339 <-- - mem_info      0x10000319
   2.339 <-- - fw_info       0x10000321
   2.339 <-- DEVICE_PROJECT  0x100076f8  211-command-usb
   2.340 <-- DEVICE_BOARD    0x1000774c  pico
   2.340 <-- data_variable   0x20000f40  102
   2.340 <-- bss_variable    0x20001f0c  2
   2.340 <-- stack_variable  0x20041f7c  1946
   2.341 <-- heap_variable   0x20002408  1951
   4.356 --> fw_info
   4.498 <-- fw_info
   4.499 <-- dbg read_line:110 got fw_info
   4.500 <-- object          address     value
   4.500 <-- main            0x10000329  0xb5f0
   4.500 <-- fw_info         0x1000069d  0x4b3d
   4.500 <-- commands        0x10007bbc
   4.501 <-- - enable        0x10000281
   4.501 <-- - disable       0x100002bd
   4.501 <-- - info          0x100002f9
   4.502 <-- - version       0x10000301
   4.502 <-- - ping          0x10000309
   4.502 <-- - mem_info      0x10000319
   4.502 <-- - fw_info       0x10000321
   4.502 <-- DEVICE_PROJECT  0x100076f8  211-command-usb
   4.503 <-- DEVICE_BOARD    0x1000774c  pico
   4.503 <-- data_variable   0x20000f40  103
   4.503 <-- bss_variable    0x20001f0c  3
   4.503 <-- stack_variable  0x20041f7c  1946
   4.503 <-- heap_variable   0x20002408  1951
итог: отправлено команд 3, принято строк 57
